2026-03-05 22:16:07,996 - __main__ - INFO - Attempt 1/3: GET https://api.github.com/repos/python/cpython
2026-03-05 22:23:13,357 - GitHubAPI - INFO - GET /repos/pandas-dev/pandas - Status: 200
2026-03-05 22:23:14,290 - GitHubAPI - INFO - GET /search/repositories - Status: 200
2026-03-05 22:45:04,187 - INFO - Fetching torvalds repos - page 1
2026-03-05 22:45:05,183 - INFO - Page 1 fetched: 34 repos (total: 34)
2026-03-05 22:45:06,184 - INFO - Fetching torvalds repos - page 2
2026-03-05 22:45:06,557 - INFO - No more repositories after page 1
2026-03-05 22:46:08,706 - INFO - Fetching torvalds repos - page 1
2026-03-05 22:46:09,278 - INFO - Page 1 fetched: 11 repos (total: 11)
2026-03-05 22:46:10,278 - INFO - Fetching torvalds repos - page 2
2026-03-05 22:46:10,736 - INFO - No more repositories after page 1
2026-03-05 23:19:11,542 - INFO - Fetching torvalds repos - page 1
2026-03-05 23:19:11,542 - task2_github - INFO - Fetching torvalds repos - page 1
2026-03-05 23:19:12,147 - INFO - Page 1 fetched: 11 repos (total: 11)
2026-03-05 23:19:12,147 - task2_github - INFO - Page 1 fetched: 11 repos (total: 11)
2026-03-05 23:19:13,151 - INFO - Fetching torvalds repos - page 2
2026-03-05 23:19:13,151 - task2_github - INFO - Fetching torvalds repos - page 2
2026-03-05 23:19:13,536 - INFO - No more repositories after page 1
2026-03-05 23:19:13,536 - task2_github - INFO - No more repositories after page 1
2026-03-05 23:19:59,356 - GitHubAnalyzer - INFO - GET https://api.github.com/search/repositories -> 200
2026-03-05 23:20:00,165 - GitHubAnalyzer - INFO - GET https://api.github.com/search/repositories -> 200
2026-03-05 23:20:00,660 - GitHubAnalyzer - INFO - GET https://api.github.com/repos/tensorflow/tensorflow -> 200
2026-03-05 23:20:01,654 - GitHubAnalyzer - INFO - GET https://api.github.com/repos/pytorch/pytorch -> 200
2026-03-05 23:20:02,634 - GitHubAnalyzer - INFO - GET https://api.github.com/repos/scikit-learn/scikit-learn -> 200
2026-03-05 23:20:03,635 - GitHubAnalyzer - INFO - GET https://api.github.com/repos/numpy/numpy -> 200
2026-03-05 23:20:04,628 - GitHubAnalyzer - INFO - GET https://api.github.com/repos/pandas-dev/pandas -> 200
2026-03-05 23:20:21,406 - GitHubAnalyzer - INFO - GET https://api.github.com/search/repositories -> 200
2026-03-05 23:20:21,406 - GitHubAnalyzer - INFO - GET https://api.github.com/search/repositories -> 200
2026-03-05 23:20:22,126 - GitHubAnalyzer - INFO - GET https://api.github.com/repos/tensorflow/tensorflow -> 200
2026-03-05 23:20:22,126 - GitHubAnalyzer - INFO - GET https://api.github.com/repos/tensorflow/tensorflow -> 200
2026-03-05 23:20:23,127 - GitHubAnalyzer - INFO - GET https://api.github.com/repos/pytorch/pytorch -> 200
2026-03-05 23:20:23,127 - GitHubAnalyzer - INFO - GET https://api.github.com/repos/pytorch/pytorch -> 200
2026-03-05 23:20:24,130 - GitHubAnalyzer - INFO - GET https://api.github.com/repos/scikit-learn/scikit-learn -> 200
2026-03-05 23:20:24,130 - GitHubAnalyzer - INFO - GET https://api.github.com/repos/scikit-learn/scikit-learn -> 200
2026-03-05 23:20:25,126 - GitHubAnalyzer - INFO - GET https://api.github.com/repos/numpy/numpy -> 200
2026-03-05 23:20:25,126 - GitHubAnalyzer - INFO - GET https://api.github.com/repos/numpy/numpy -> 200
2026-03-05 23:20:26,127 - GitHubAnalyzer - INFO - GET https://api.github.com/repos/pandas-dev/pandas -> 200
2026-03-05 23:20:26,127 - GitHubAnalyzer - INFO - GET https://api.github.com/repos/pandas-dev/pandas -> 200
2026-03-06 13:09:38,617 - INFO - fetching torvalds repos - page 1
2026-03-06 13:09:38,617 - task2_github - INFO - fetching torvalds repos - page 1
2026-03-06 13:09:39,143 - INFO - Page 1 fetched: 11 repos (total: 11)
2026-03-06 13:09:39,143 - task2_github - INFO - Page 1 fetched: 11 repos (total: 11)
2026-03-06 13:09:40,145 - INFO - fetching torvalds repos - page 2
2026-03-06 13:09:40,145 - task2_github - INFO - fetching torvalds repos - page 2
2026-03-06 13:09:40,505 - INFO - No more repositories after page 1
2026-03-06 13:09:40,505 - task2_github - INFO - No more repositories after page 1
2026-03-06 13:14:05,989 - GitHubAnalyzer - INFO - GET https://api.github.com/search/repositories -> 200
2026-03-06 13:14:05,989 - GitHubAnalyzer - INFO - GET https://api.github.com/search/repositories -> 200
2026-03-06 13:14:06,262 - GitHubAnalyzer - INFO - GET https://api.github.com/repos/tensorflow/tensorflow -> 200
2026-03-06 13:14:06,262 - GitHubAnalyzer - INFO - GET https://api.github.com/repos/tensorflow/tensorflow -> 200
2026-03-06 13:14:07,298 - GitHubAnalyzer - INFO - GET https://api.github.com/repos/pytorch/pytorch -> 200
2026-03-06 13:14:07,298 - GitHubAnalyzer - INFO - GET https://api.github.com/repos/pytorch/pytorch -> 200
2026-03-06 13:14:08,275 - GitHubAnalyzer - INFO - GET https://api.github.com/repos/scikit-learn/scikit-learn -> 200
2026-03-06 13:14:08,275 - GitHubAnalyzer - INFO - GET https://api.github.com/repos/scikit-learn/scikit-learn -> 200
2026-03-06 13:14:09,251 - GitHubAnalyzer - INFO - GET https://api.github.com/repos/numpy/numpy -> 200
2026-03-06 13:14:09,251 - GitHubAnalyzer - INFO - GET https://api.github.com/repos/numpy/numpy -> 200
2026-03-06 13:14:10,251 - GitHubAnalyzer - INFO - GET https://api.github.com/repos/pandas-dev/pandas -> 200
2026-03-06 13:14:10,251 - GitHubAnalyzer - INFO - GET https://api.github.com/repos/pandas-dev/pandas -> 200
